------------------------------------------------------------
Timing Analyzer Summary
------------------------------------------------------------

Type  : Slow 1100mV 85C Model Setup 'pll:u_pll|toggle'
Slack : -44.049
TNS   : -1205.765

Type  : Slow 1100mV 85C Model Setup 'clk50'
Slack : -14.876
TNS   : -1277.555

Type  : Slow 1100mV 85C Model Hold 'clk50'
Slack : 0.358
TNS   : 0.000

Type  : Slow 1100mV 85C Model Hold 'pll:u_pll|toggle'
Slack : 0.702
TNS   : 0.000

Type  : Slow 1100mV 85C Model Minimum Pulse Width 'clk50'
Slack : -0.457
TNS   : -134.976

Type  : Slow 1100mV 85C Model Minimum Pulse Width 'pll:u_pll|toggle'
Slack : -0.394
TNS   : -39.275

Type  : Slow 1100mV 0C Model Setup 'pll:u_pll|toggle'
Slack : -45.111
TNS   : -1228.925

Type  : Slow 1100mV 0C Model Setup 'clk50'
Slack : -15.032
TNS   : -1276.351

Type  : Slow 1100mV 0C Model Hold 'clk50'
Slack : 0.286
TNS   : 0.000

Type  : Slow 1100mV 0C Model Hold 'pll:u_pll|toggle'
Slack : 0.676
TNS   : 0.000

Type  : Slow 1100mV 0C Model Minimum Pulse Width 'clk50'
Slack : -0.482
TNS   : -146.530

Type  : Slow 1100mV 0C Model Minimum Pulse Width 'pll:u_pll|toggle'
Slack : -0.394
TNS   : -38.550

Type  : Fast 1100mV 85C Model Setup 'pll:u_pll|toggle'
Slack : -23.353
TNS   : -640.432

Type  : Fast 1100mV 85C Model Setup 'clk50'
Slack : -7.717
TNS   : -631.217

Type  : Fast 1100mV 85C Model Hold 'clk50'
Slack : 0.180
TNS   : 0.000

Type  : Fast 1100mV 85C Model Hold 'pll:u_pll|toggle'
Slack : 0.334
TNS   : 0.000

Type  : Fast 1100mV 85C Model Minimum Pulse Width 'clk50'
Slack : -0.472
TNS   : -22.795

Type  : Fast 1100mV 85C Model Minimum Pulse Width 'pll:u_pll|toggle'
Slack : 0.020
TNS   : 0.000

Type  : Fast 1100mV 0C Model Setup 'pll:u_pll|toggle'
Slack : -21.973
TNS   : -598.624

Type  : Fast 1100mV 0C Model Setup 'clk50'
Slack : -7.065
TNS   : -566.376

Type  : Fast 1100mV 0C Model Hold 'clk50'
Slack : 0.171
TNS   : 0.000

Type  : Fast 1100mV 0C Model Hold 'pll:u_pll|toggle'
Slack : 0.299
TNS   : 0.000

Type  : Fast 1100mV 0C Model Minimum Pulse Width 'clk50'
Slack : -0.473
TNS   : -22.498

Type  : Fast 1100mV 0C Model Minimum Pulse Width 'pll:u_pll|toggle'
Slack : 0.047
TNS   : 0.000

------------------------------------------------------------
